<html>
<body>
<pre>
<h1>µVision Build Log</h1>
<h2>Tool Versions:</h2>
IDE-Version: µVision V5.31.0.0
Copyright (C) 2020 ARM Ltd and ARM Germany GmbH. All rights reserved.
License Information: Nazim Windows, HP Inc., LIC=----
 
Tool Versions:
Toolchain:       MDK-Lite  Version: 5.31.0.0
Toolchain Path:  C:\Keil_v5\ARM\ARMCLANG\Bin
C Compiler:      ArmClang.exe V6.14
Assembler:       Armasm.exe V6.14
Linker/Locator:  ArmLink.exe V6.14
Library Manager: ArmAr.exe V6.14
Hex Converter:   FromElf.exe V6.14
CPU DLL:         SARMCM3.DLL V5.31.0.0
Dialog DLL:      DCM.DLL V1.17.3.0
Target DLL:      STLink\ST-LINKIII-KEIL_SWO.dll V3.0.7.0
Dialog DLL:      TCM.DLL V1.46.0.0
 
<h2>Project:</h2>
C:\Users\nazim\Desktop\Keil_Pgrms\HelloDisplay\helloDisplay.uvprojx
Project File Date:  11/04/2020

<h2>Output:</h2>
*** Using Compiler 'V6.14', folder: 'C:\Keil_v5\ARM\ARMCLANG\Bin'
Build target 'Target 1'
helloDisplay.c(39): warning: multi-character character constant [-Wmultichar]
                unsigned char nums[17] = {'0','1','2','3','4','5','6','7','8','9','10','11','12','13','14','15','16'};
                                                                                  ^
helloDisplay.c(39): warning: multi-character character constant [-Wmultichar]
                unsigned char nums[17] = {'0','1','2','3','4','5','6','7','8','9','10','11','12','13','14','15','16'};
                                                                                       ^
helloDisplay.c(39): warning: multi-character character constant [-Wmultichar]
                unsigned char nums[17] = {'0','1','2','3','4','5','6','7','8','9','10','11','12','13','14','15','16'};
                                                                                            ^
helloDisplay.c(39): warning: multi-character character constant [-Wmultichar]
                unsigned char nums[17] = {'0','1','2','3','4','5','6','7','8','9','10','11','12','13','14','15','16'};
                                                                                                 ^
helloDisplay.c(39): warning: multi-character character constant [-Wmultichar]
                unsigned char nums[17] = {'0','1','2','3','4','5','6','7','8','9','10','11','12','13','14','15','16'};
                                                                                                      ^
helloDisplay.c(39): warning: multi-character character constant [-Wmultichar]
                unsigned char nums[17] = {'0','1','2','3','4','5','6','7','8','9','10','11','12','13','14','15','16'};
                                                                                                           ^
helloDisplay.c(39): warning: multi-character character constant [-Wmultichar]
                unsigned char nums[17] = {'0','1','2','3','4','5','6','7','8','9','10','11','12','13','14','15','16'};
                                                                                                                ^
helloDisplay.c(39): warning: implicit conversion from 'int' to 'unsigned char' changes value from 12592 to 48 [-Wconstant-conversion]
                unsigned char nums[17] = {'0','1','2','3','4','5','6','7','8','9','10','11','12','13','14','15','16'};
                                         ~                                        ^~~~
helloDisplay.c(39): warning: implicit conversion from 'int' to 'unsigned char' changes value from 12593 to 49 [-Wconstant-conversion]
                unsigned char nums[17] = {'0','1','2','3','4','5','6','7','8','9','10','11','12','13','14','15','16'};
                                         ~                                             ^~~~
helloDisplay.c(39): warning: implicit conversion from 'int' to 'unsigned char' changes value from 12594 to 50 [-Wconstant-conversion]
                unsigned char nums[17] = {'0','1','2','3','4','5','6','7','8','9','10','11','12','13','14','15','16'};
                                         ~                                                  ^~~~
helloDisplay.c(39): warning: implicit conversion from 'int' to 'unsigned char' changes value from 12595 to 51 [-Wconstant-conversion]
                unsigned char nums[17] = {'0','1','2','3','4','5','6','7','8','9','10','11','12','13','14','15','16'};
                                         ~                                                       ^~~~
helloDisplay.c(39): warning: implicit conversion from 'int' to 'unsigned char' changes value from 12596 to 52 [-Wconstant-conversion]
                unsigned char nums[17] = {'0','1','2','3','4','5','6','7','8','9','10','11','12','13','14','15','16'};
                                         ~                                                            ^~~~
helloDisplay.c(39): warning: implicit conversion from 'int' to 'unsigned char' changes value from 12597 to 53 [-Wconstant-conversion]
                unsigned char nums[17] = {'0','1','2','3','4','5','6','7','8','9','10','11','12','13','14','15','16'};
                                         ~                                                                 ^~~~
helloDisplay.c(39): warning: implicit conversion from 'int' to 'unsigned char' changes value from 12598 to 54 [-Wconstant-conversion]
                unsigned char nums[17] = {'0','1','2','3','4','5','6','7','8','9','10','11','12','13','14','15','16'};
                                         ~                                                                      ^~~~
helloDisplay.c(82): warning: implicit conversion changes signedness: 'int' to 'unsigned int' [-Wsign-conversion]
    GPIOB->MODER &= ~0x0000FC00;    /* clear pin mode */
                 ~~ ^~~~~~~~~~~
helloDisplay.c(87): warning: implicit conversion changes signedness: 'int' to 'unsigned int' [-Wsign-conversion]
    GPIOC->MODER &= ~0x0000FFFF;    /* clear pin mode */
                 ~~ ^~~~~~~~~~~
helloDisplay.c(103): warning: implicit conversion changes signedness: 'int' to 'unsigned int' [-Wsign-conversion]
    GPIOC->MODER &= ~0x0000FFFF;    /* clear pin mode */
                 ~~ ^~~~~~~~~~~
helloDisplay.c(110): warning: implicit conversion loses integer precision: 'volatile uint32_t' (aka 'volatile unsigned int') to 'char' [-Wimplicit-int-conversion]
        status = GPIOC->IDR;        /* read status register */
               ~ ~~~~~~~^~~
helloDisplay.c(196): warning: implicit conversion changes signedness: 'int' to 'unsigned int' [-Wsign-conversion]
    GPIOA->MODER &= ~0x0000FF00;    /* disable all row pins drive */
                 ~~ ^~~~~~~~~~~
helloDisplay.c(204): warning: implicit conversion changes signedness: 'int' to 'unsigned int' [-Wsign-conversion]
        GPIOA->MODER &= ~0x0000FF00;    /* disable all row pins drive */
                     ~~ ^~~~~~~~~~~
helloDisplay.c(205): warning: implicit conversion changes signedness: 'const int' to 'unsigned int' [-Wsign-conversion]
        GPIOA->MODER |= row_mode[row];  /* enable one row at a time */
                     ~~ ^~~~~~~~~~~~~
helloDisplay.c(206): warning: implicit conversion changes signedness: 'const int' to 'uint32_t' (aka 'unsigned int') [-Wsign-conversion]
        GPIOA->BSRR = row_low[row];     /* drive the active row low */
                    ~ ^~~~~~~~~~~~
helloDisplay.c(209): warning: implicit conversion changes signedness: 'const int' to 'uint32_t' (aka 'unsigned int') [-Wsign-conversion]
        GPIOA->BSRR = row_high[row];    /* drive the active row high */
                    ~ ^~~~~~~~~~~~~
helloDisplay.c(213): warning: implicit conversion changes signedness: 'int' to 'unsigned int' [-Wsign-conversion]
    GPIOA->MODER &= ~0x0000FF00;        /* disable all rows */
                 ~~ ^~~~~~~~~~~
helloDisplay.c(218): warning: implicit conversion loses integer precision: 'int' to 'char' [-Wimplicit-int-conversion]
    if (col == 0x000E) return row * 4 + 1;    /* key in column 0 */
                       ~~~~~~ ~~~~~~~~^~~
helloDisplay.c(219): warning: implicit conversion loses integer precision: 'int' to 'char' [-Wimplicit-int-conversion]
    if (col == 0x000D) return row * 4 + 2;    /* key in column 1 */
                       ~~~~~~ ~~~~~~~~^~~
helloDisplay.c(220): warning: implicit conversion loses integer precision: 'int' to 'char' [-Wimplicit-int-conversion]
    if (col == 0x000B) return row * 4 + 3;    /* key in column 2 */
                       ~~~~~~ ~~~~~~~~^~~
helloDisplay.c(221): warning: implicit conversion loses integer precision: 'int' to 'char' [-Wimplicit-int-conversion]
    if (col == 0x0007) return row * 4 + 4;    /* key in column 3 */
                       ~~~~~~ ~~~~~~~~^~~
28 warnings generated.
compiling helloDisplay.c...
linking...
Program Size: Code=1188 RO-data=468 RW-data=0 ZI-data=1632  
".\Objects\helloDisplay.axf" - 0 Error(s), 28 Warning(s).

<h2>Software Packages used:</h2>

Package Vendor: ARM
                http://www.keil.com/pack/ARM.CMSIS.5.7.0.pack
                ARM.CMSIS.5.7.0
                CMSIS (Cortex Microcontroller Software Interface Standard)
   * Component: CORE Version: 5.4.0

Package Vendor: Keil
                http://www.keil.com/pack/Keil.STM32F4xx_DFP.2.14.0.pack
                Keil.STM32F4xx_DFP.2.14.0
                STMicroelectronics STM32F4 Series Device Support, Drivers and Examples
   * Component: Startup Version: 2.6.3

<h2>Collection of Component include folders:</h2>
  .\RTE\_Target_1
  C:\Users\nazim\AppData\Local\Arm\Packs\ARM\CMSIS\5.7.0\CMSIS\Core\Include
  C:\Users\nazim\AppData\Local\Arm\Packs\Keil\STM32F4xx_DFP\2.14.0\Drivers\CMSIS\Device\ST\STM32F4xx\Include

<h2>Collection of Component Files used:</h2>

   * Component: ARM::CMSIS:CORE:5.4.0

   * Component: Keil::Device:Startup:2.6.3
      Source file:   MDK\Device\Source\ARM\STM32F446xx_OPT.s
      Include file:  Drivers\CMSIS\Device\ST\STM32F4xx\Include\stm32f4xx.h
      Source file:   MDK\Device\Source\ARM\STM32F4xx_OTP.s
      Source file:   Drivers\CMSIS\Device\ST\STM32F4xx\Source\Templates\arm\startup_stm32f446xx.s
      Source file:   Drivers\CMSIS\Device\ST\STM32F4xx\Source\Templates\system_stm32f4xx.c
Build Time Elapsed:  00:00:02
</pre>
</body>
</html>
